--------- beginning of main
09-10 04:11:36.119 15441 15490 D DetoxWSClient: Received action 'reactNativeReload' (ID #-1000, params={})
09-10 04:11:36.120 15441 15488 I DetoxDispatcher: Handling action 'reactNativeReload' (ID #-1000)...
09-10 04:11:36.187 15441 15488 I DetoxRNExt: Reloading React Native
09-10 04:11:36.206 15441 15513 E unknown:ReactContextBaseJavaModule: Unhandled SoftException
09-10 04:11:36.206 15441 15513 E unknown:ReactContextBaseJavaModule: java.lang.RuntimeException: Catalyst Instance has already disappeared: requested by DeviceInfo
09-10 04:11:36.206 15441 15513 E unknown:ReactContextBaseJavaModule: 	at com.facebook.react.bridge.ReactContextBaseJavaModule.getReactApplicationContextIfActiveOrWarn(ReactContextBaseJavaModule.java:66)
09-10 04:11:36.206 15441 15513 E unknown:ReactContextBaseJavaModule: 	at com.facebook.react.modules.deviceinfo.DeviceInfoModule.invalidate(DeviceInfoModule.java:114)
09-10 04:11:36.206 15441 15513 E unknown:ReactContextBaseJavaModule: 	at com.facebook.react.bridge.ModuleHolder.destroy(ModuleHolder.java:110)
09-10 04:11:36.206 15441 15513 E unknown:ReactContextBaseJavaModule: 	at com.facebook.react.bridge.NativeModuleRegistry.notifyJSInstanceDestroy(NativeModuleRegistry.java:108)
09-10 04:11:36.206 15441 15513 E unknown:ReactContextBaseJavaModule: 	at com.facebook.react.bridge.CatalystInstanceImpl$1.run(CatalystInstanceImpl.java:368)
09-10 04:11:36.206 15441 15513 E unknown:ReactContextBaseJavaModule: 	at android.os.Handler.handleCallback(Handler.java:789)
09-10 04:11:36.206 15441 15513 E unknown:ReactContextBaseJavaModule: 	at android.os.Handler.dispatchMessage(Handler.java:98)
09-10 04:11:36.206 15441 15513 E unknown:ReactContextBaseJavaModule: 	at com.facebook.react.bridge.queue.MessageQueueThreadHandler.dispatchMessage(MessageQueueThreadHandler.java:27)
09-10 04:11:36.206 15441 15513 E unknown:ReactContextBaseJavaModule: 	at androidx.test.espresso.base.Interrogator.loopAndInterrogate(Interrogator.java:14)
09-10 04:11:36.206 15441 15513 E unknown:ReactContextBaseJavaModule: 	at androidx.test.espresso.base.LooperIdlingResourceInterrogationHandler$2.run(LooperIdlingResourceInterrogationHandler.java:3)
09-10 04:11:36.206 15441 15513 E unknown:ReactContextBaseJavaModule: 	at android.os.Handler.handleCallback(Handler.java:789)
09-10 04:11:36.206 15441 15513 E unknown:ReactContextBaseJavaModule: 	at android.os.Handler.dispatchMessage(Handler.java:98)
09-10 04:11:36.206 15441 15513 E unknown:ReactContextBaseJavaModule: 	at android.os.Looper.loop(Looper.java:164)
09-10 04:11:36.206 15441 15513 E unknown:ReactContextBaseJavaModule: 	at com.facebook.react.bridge.queue.MessageQueueThreadImpl$4.run(MessageQueueThreadImpl.java:228)
09-10 04:11:36.206 15441 15513 E unknown:ReactContextBaseJavaModule: 	at java.lang.Thread.run(Thread.java:764)
09-10 04:11:36.207 15441 15513 E unknown:ReactContextBaseJavaModule: Unhandled SoftException
09-10 04:11:36.207 15441 15513 E unknown:ReactContextBaseJavaModule: java.lang.RuntimeException: Catalyst Instance has already disappeared: requested by NativeAnimatedModule
09-10 04:11:36.207 15441 15513 E unknown:ReactContextBaseJavaModule: 	at com.facebook.react.bridge.ReactContextBaseJavaModule.getReactApplicationContextIfActiveOrWarn(ReactContextBaseJavaModule.java:66)
09-10 04:11:36.207 15441 15513 E unknown:ReactContextBaseJavaModule: 	at com.facebook.react.animated.NativeAnimatedModule.invalidate(NativeAnimatedModule.java:968)
09-10 04:11:36.207 15441 15513 E unknown:ReactContextBaseJavaModule: 	at com.facebook.react.bridge.ModuleHolder.destroy(ModuleHolder.java:110)
09-10 04:11:36.207 15441 15513 E unknown:ReactContextBaseJavaModule: 	at com.facebook.react.bridge.NativeModuleRegistry.notifyJSInstanceDestroy(NativeModuleRegistry.java:108)
09-10 04:11:36.207 15441 15513 E unknown:ReactContextBaseJavaModule: 	at com.facebook.react.bridge.CatalystInstanceImpl$1.run(CatalystInstanceImpl.java:368)
09-10 04:11:36.207 15441 15513 E unknown:ReactContextBaseJavaModule: 	at android.os.Handler.handleCallback(Handler.java:789)
09-10 04:11:36.207 15441 15513 E unknown:ReactContextBaseJavaModule: 	at android.os.Handler.dispatchMessage(Handler.java:98)
09-10 04:11:36.207 15441 15513 E unknown:ReactContextBaseJavaModule: 	at com.facebook.react.bridge.queue.MessageQueueThreadHandler.dispatchMessage(MessageQueueThreadHandler.java:27)
09-10 04:11:36.207 15441 15513 E unknown:ReactContextBaseJavaModule: 	at androidx.test.espresso.base.Interrogator.loopAndInterrogate(Interrogator.java:14)
09-10 04:11:36.207 15441 15513 E unknown:ReactContextBaseJavaModule: 	at androidx.test.espresso.base.LooperIdlingResourceInterrogationHandler$2.run(LooperIdlingResourceInterrogationHandler.java:3)
09-10 04:11:36.207 15441 15513 E unknown:ReactContextBaseJavaModule: 	at android.os.Handler.handleCallback(Handler.java:789)
09-10 04:11:36.207 15441 15513 E unknown:ReactContextBaseJavaModule: 	at android.os.Handler.dispatchMessage(Handler.java:98)
09-10 04:11:36.207 15441 15513 E unknown:ReactContextBaseJavaModule: 	at android.os.Looper.loop(Looper.java:164)
09-10 04:11:36.207 15441 15513 E unknown:ReactContextBaseJavaModule: 	at com.facebook.react.bridge.queue.MessageQueueThreadImpl$4.run(MessageQueueThreadImpl.java:228)
09-10 04:11:36.207 15441 15513 E unknown:ReactContextBaseJavaModule: 	at java.lang.Thread.run(Thread.java:764)
09-10 04:11:36.207 15441 15513 E unknown:ReactContextBaseJavaModule: Unhandled SoftException
09-10 04:11:36.207 15441 15513 E unknown:ReactContextBaseJavaModule: java.lang.RuntimeException: Catalyst Instance has already disappeared: requested by FrescoModule
09-10 04:11:36.207 15441 15513 E unknown:ReactContextBaseJavaModule: 	at com.facebook.react.bridge.ReactContextBaseJavaModule.getReactApplicationContextIfActiveOrWarn(ReactContextBaseJavaModule.java:66)
09-10 04:11:36.207 15441 15513 E unknown:ReactContextBaseJavaModule: 	at com.facebook.react.modules.fresco.FrescoModule.invalidate(FrescoModule.java:202)
09-10 04:11:36.207 15441 15513 E unknown:ReactContextBaseJavaModule: 	at com.facebook.react.bridge.ModuleHolder.destroy(ModuleHolder.java:110)
09-10 04:11:36.207 15441 15513 E unknown:ReactContextBaseJavaModule: 	at com.facebook.react.bridge.NativeModuleRegistry.notifyJSInstanceDestroy(NativeModuleRegistry.java:108)
09-10 04:11:36.207 15441 15513 E unknown:ReactContextBaseJavaModule: 	at com.facebook.react.bridge.CatalystInstanceImpl$1.run(CatalystInstanceImpl.java:368)
09-10 04:11:36.207 15441 15513 E unknown:ReactContextBaseJavaModule: 	at android.os.Handler.handleCallback(Handler.java:789)
09-10 04:11:36.207 15441 15513 E unknown:ReactContextBaseJavaModule: 	at android.os.Handler.dispatchMessage(Handler.java:98)
09-10 04:11:36.207 15441 15513 E unknown:ReactContextBaseJavaModule: 	at com.facebook.react.bridge.queue.MessageQueueThreadHandler.dispatchMessage(MessageQueueThreadHandler.java:27)
09-10 04:11:36.207 15441 15513 E unknown:ReactContextBaseJavaModule: 	at androidx.test.espresso.base.Interrogator.loopAndInterrogate(Interrogator.java:14)
09-10 04:11:36.207 15441 15513 E unknown:ReactContextBaseJavaModule: 	at androidx.test.espresso.base.LooperIdlingResourceInterrogationHandler$2.run(LooperIdlingResourceInterrogationHandler.java:3)
09-10 04:11:36.207 15441 15513 E unknown:ReactContextBaseJavaModule: 	at android.os.Handler.handleCallback(Handler.java:789)
09-10 04:11:36.207 15441 15513 E unknown:ReactContextBaseJavaModule: 	at android.os.Handler.dispatchMessage(Handler.java:98)
09-10 04:11:36.207 15441 15513 E unknown:ReactContextBaseJavaModule: 	at android.os.Looper.loop(Looper.java:164)
09-10 04:11:36.207 15441 15513 E unknown:ReactContextBaseJavaModule: 	at com.facebook.react.bridge.queue.MessageQueueThreadImpl$4.run(MessageQueueThreadImpl.java:228)
09-10 04:11:36.207 15441 15513 E unknown:ReactContextBaseJavaModule: 	at java.lang.Thread.run(Thread.java:764)
09-10 04:11:36.819 15441 15451 I zygote  : Background concurrent copying GC freed 7482(651KB) AllocSpace objects, 11(2MB) LOS objects, 49% free, 2MB/5MB, paused 12.165ms total 561.287ms
09-10 04:11:37.131 15441 15525 W unknown:ReactContext: initializeMessageQueueThreads() is called.
09-10 04:11:37.214 15441 15527 W unknown:ViewManagerPropertyUpdater: Could not find generated setter for class com.facebook.react.views.drawer.ReactDrawerLayoutManager
09-10 04:11:37.218 15441 15527 W unknown:ViewManagerPropertyUpdater: Could not find generated setter for class com.facebook.react.uimanager.LayoutShadowNode
09-10 04:11:37.223 15441 15488 D DetoxRNLoading: Got new RN-context explicitly while polling (#iteration=1)
09-10 04:11:37.223 15441 15527 W unknown:ViewManagerPropertyUpdater: Could not find generated setter for class com.facebook.react.views.scroll.ReactHorizontalScrollViewManager
09-10 04:11:37.223 15441 15488 I DetoxRNIdleRes: Setting up Espresso Idling Resources for React Native
09-10 04:11:37.227 15441 15527 W unknown:ViewManagerPropertyUpdater: Could not find generated setter for class com.facebook.react.views.scroll.ReactHorizontalScrollContainerViewManager
09-10 04:11:37.228 15441 15527 W unknown:ViewManagerPropertyUpdater: Could not find generated setter for class com.facebook.react.views.progressbar.ReactProgressBarViewManager
09-10 04:11:37.234 15441 15527 W unknown:ViewManagerPropertyUpdater: Could not find generated setter for class com.facebook.react.views.progressbar.ProgressBarShadowNode
09-10 04:11:37.280 15441 15488 D AsyncStorageIR: Checking whether a custom IR for Async-Storage is required... (legacy=false)
09-10 04:11:37.281 15441 15527 W unknown:ViewManagerPropertyUpdater: Could not find generated setter for class com.facebook.react.views.scroll.ReactScrollViewManager
09-10 04:11:37.295 15441 15488 D DetoxRNHelpers: Native RN module resolution (class com.reactnativecommunity.asyncstorage.AsyncStorageModule): no such class
09-10 04:11:37.296 15441 15488 D AsyncStorageIR: Checking whether a custom IR for Async-Storage is required... (legacy=true)
09-10 04:11:37.295 15441 15527 W unknown:ViewManagerPropertyUpdater: Could not find generated setter for class com.facebook.react.views.slider.ReactSliderManager
09-10 04:11:37.296 15441 15488 D AsyncStorageIR: IR for Async-Storage is required! (legacy=true)
09-10 04:11:37.308 15441 15527 W unknown:ViewManagerPropertyUpdater: Could not find generated setter for class com.facebook.react.views.slider.ReactSliderManager$ReactSliderShadowNode
09-10 04:11:37.309 15441 15527 W unknown:ViewManagerPropertyUpdater: Could not find generated setter for class com.facebook.react.views.switchview.ReactSwitchManager
09-10 04:11:37.314 15441 15527 W unknown:ViewManagerPropertyUpdater: Could not find generated setter for class com.facebook.react.views.switchview.ReactSwitchManager$ReactSwitchShadowNode
09-10 04:11:37.316 15441 15527 W unknown:ViewManagerPropertyUpdater: Could not find generated setter for class com.facebook.react.views.swiperefresh.SwipeRefreshLayoutManager
09-10 04:11:37.323 15441 15527 W unknown:ViewManagerPropertyUpdater: Could not find generated setter for class com.facebook.react.views.text.frescosupport.FrescoBasedReactTextInlineImageViewManager
09-10 04:11:37.324 15441 15527 W unknown:ViewManagerPropertyUpdater: Could not find generated setter for class com.facebook.react.views.text.frescosupport.FrescoBasedReactTextInlineImageShadowNode
09-10 04:11:37.325 15441 15527 W unknown:ViewManagerPropertyUpdater: Could not find generated setter for class com.facebook.react.views.image.ReactImageManager
09-10 04:11:37.357 15441 15527 W unknown:ViewManagerPropertyUpdater: Could not find generated setter for class com.facebook.react.views.modal.ReactModalHostManager
09-10 04:11:37.359 15441 15527 W unknown:ViewManagerPropertyUpdater: Could not find generated setter for class com.facebook.react.views.modal.ModalHostShadowNode
09-10 04:11:37.360 15441 15527 W unknown:ViewManagerPropertyUpdater: Could not find generated setter for class com.facebook.react.views.text.ReactRawTextManager
09-10 04:11:37.362 15441 15527 W unknown:ViewManagerPropertyUpdater: Could not find generated setter for class com.facebook.react.views.text.ReactRawTextShadowNode
09-10 04:11:37.363 15441 15527 W unknown:ViewManagerPropertyUpdater: Could not find generated setter for class com.facebook.react.views.textinput.ReactTextInputManager
09-10 04:11:37.374 15441 15527 W unknown:ViewManagerPropertyUpdater: Could not find generated setter for class com.facebook.react.views.textinput.ReactTextInputShadowNode
09-10 04:11:37.417 15441 15527 W unknown:ViewManagerPropertyUpdater: Could not find generated setter for class com.facebook.react.views.text.ReactTextViewManager
09-10 04:11:37.432 15441 15527 W unknown:ViewManagerPropertyUpdater: Could not find generated setter for class com.facebook.react.views.text.ReactTextShadowNode
09-10 04:11:37.433 15441 15527 W unknown:ViewManagerPropertyUpdater: Could not find generated setter for class com.facebook.react.views.view.ReactViewManager
09-10 04:11:37.451 15441 15527 W unknown:ViewManagerPropertyUpdater: Could not find generated setter for class com.facebook.react.views.text.ReactVirtualTextViewManager
09-10 04:11:37.461 15441 15527 W unknown:ViewManagerPropertyUpdater: Could not find generated setter for class com.facebook.react.views.text.ReactVirtualTextShadowNode
09-10 04:11:37.462 15441 15527 W unknown:ViewManagerPropertyUpdater: Could not find generated setter for class com.facebook.react.views.unimplementedview.ReactUnimplementedViewManager
09-10 04:11:37.465 15441 15441 D AsyncStorageIRLegacy: Async-storage is busy!
09-10 04:11:37.472 15441 15488 I DetoxWSClient: Sending out action 'ready' (ID #-1000)
09-10 04:11:37.473 15441 15488 I DetoxDispatcher: Done with action 'reactNativeReload'
09-10 04:11:37.474 15441 15527 W unknown:ReactContext: initializeMessageQueueThreads() is called.
09-10 04:11:37.507 15441 15490 D DetoxWSClient: Received action 'invoke' (ID #3, params={"target":{"type":"Class","value":"com.wix.detox.espresso.EspressoDetox"},"method":"perform","args":[{"type":"Invocation","value":{"target":{"type":"Class","value":"androidx.test.espresso.Espresso"},"method":"onView","args":[{"type":"Invocation","value":{"target":{"type":"Class","value":"com.wix.detox.espresso.DetoxMatcher"},"method":"matcherForTestId","args":["textField"]}}]}},{"type":"Invocation","value":{"target":{"type":"Class","value":"androidx.test.espresso.action.ViewActions"},"method":"clearText","args":[]}}]})
09-10 04:11:37.511 15441 15488 I DetoxDispatcher: Handling action 'invoke' (ID #3)...
09-10 04:11:37.518 15441 15441 D DetoxRNLoading: Listener-proxy method called: onReactContextInitialized
09-10 04:11:37.518 15441 15441 I DetoxRNLoading: Got new RN-context async'ly through listener
09-10 04:11:37.522 15441 15441 D DetoxRNLoading: Listener-proxy method called: equals
09-10 04:11:37.523 15441 15488 D Detox   : class com.wix.detox.espresso.DetoxMatcher, matcherForTestId, [textField]
09-10 04:11:37.524 15441 15488 D Detox   : class androidx.test.espresso.Espresso, onView, [(view.getTag() is "textField" and view has effective visibility <VISIBLE>)]
09-10 04:11:37.525 15441 15488 D Detox   : class androidx.test.espresso.action.ViewActions, clearText, []
09-10 04:11:37.525 15441 15488 D Detox   : class com.wix.detox.espresso.EspressoDetox, perform, [androidx.test.espresso.ViewInteraction@370a6f8, androidx.test.espresso.action.ReplaceTextAction@5a6d7d1]
09-10 04:11:37.699 15441 15526 I ReactNativeJS: Running "awesome
09-10 04:11:38.971 15441 15527 W unknown:ReactNative: Attempt to set local data for view with unknown tag: -1
09-10 04:11:39.016 15441 15441 W UiControllerImpl: Waiting for: DYNAMIC_TASKS_HAVE_IDLED for 100 iterations.
09-10 04:11:39.055 15441 15441 I Detox   : UIManagerModule is busy
09-10 04:11:39.150 15441 15441 I Detox   : UIManagerModule is busy
09-10 04:11:39.292 15441 15441 I ViewInteraction: Performing 'replace text()' action on view (view.getTag() is "textField" and view has effective visibility <VISIBLE>)
09-10 04:11:39.319 15441 15488 I DetoxWSClient: Sending out action 'invokeResult' (ID #3)
09-10 04:11:39.323 15441 15488 I DetoxDispatcher: Done with action 'invoke'
09-10 04:11:39.400 15441 15490 D DetoxWSClient: Received action 'invoke' (ID #4, params={"target":{"type":"Class","value":"com.wix.detox.espresso.EspressoDetox"},"method":"perform","args":[{"type":"Invocation","value":{"target":{"type":"Class","value":"androidx.test.espresso.Espresso"},"method":"onView","args":[{"type":"Invocation","value":{"target":{"type":"Class","value":"com.wix.detox.espresso.DetoxMatcher"},"method":"matcherForTestId","args":["textField"]}}]}},{"type":"Invocation","value":{"target":{"type":"Class","value":"com.wix.detox.espresso.DetoxViewActions"},"method":"typeText","args":["passcode"]}}]})
09-10 04:11:39.404 15441 15488 I DetoxDispatcher: Handling action 'invoke' (ID #4)...
09-10 04:11:39.404 15441 15488 D Detox   : class com.wix.detox.espresso.DetoxMatcher, matcherForTestId, [textField]
09-10 04:11:39.405 15441 15488 D Detox   : class androidx.test.espresso.Espresso, onView, [(view.getTag() is "textField" and view has effective visibility <VISIBLE>)]
09-10 04:11:39.406 15441 15488 D Detox   : class com.wix.detox.espresso.DetoxViewActions, typeText, [passcode]
09-10 04:11:39.449 15441 15488 D Detox   : class com.wix.detox.espresso.EspressoDetox, perform, [androidx.test.espresso.ViewInteraction@882a8ed, com.wix.detox.espresso.action.DetoxTypeTextAction@3685322]
09-10 04:11:39.467 15441 15445 I zygote  : Do full code cache collection, code=124KB, data=84KB
09-10 04:11:39.475 15441 15445 I zygote  : After code cache collection, code=100KB, data=59KB
09-10 04:11:39.496 15441 15441 I ViewInteraction: Performing 'Click to focus & type text (passcode)' action on view (view.getTag() is "textField" and view has effective visibility <VISIBLE>)
09-10 04:11:39.499 15441 15441 I zygote  : Deoptimizing boolean org.hamcrest.core.AllOf.matches(java.lang.Object, org.hamcrest.Description) due to JIT inline cache
09-10 04:11:39.798 15441 15441 W View    : dispatchProvideAutofillStructure(): not laid out, ignoring
09-10 04:11:39.818 15441 15441 I AssistStructure: Flattened final assist data: 1920 bytes, containing 1 windows, 7 views
09-10 04:11:40.935 15441 15441 D UiControllerImpl: Injecting string: "passcode"
09-10 04:11:42.397 15441 15441 I Detox   : UIManagerModule is busy
09-10 04:11:42.639 15441 15451 I zygote  : Background concurrent copying GC freed 45362(2MB) AllocSpace objects, 0(0B) LOS objects, 49% free, 3MB/6MB, paused 17.351ms total 211.184ms
09-10 04:11:42.837 15441 15445 I zygote  : Do partial code cache collection, code=121KB, data=80KB
09-10 04:11:42.840 15441 15445 I zygote  : After code cache collection, code=117KB, data=78KB
09-10 04:11:42.841 15441 15445 I zygote  : Increasing code cache capacity to 512KB
09-10 04:11:42.842 15441 15441 I Detox   : UIManagerModule is busy
09-10 04:11:44.173 15441 15488 I DetoxWSClient: Sending out action 'invokeResult' (ID #4)
09-10 04:11:44.174 15441 15488 I DetoxDispatcher: Done with action 'invoke'
09-10 04:11:44.188 15441 15490 D DetoxWSClient: Received action 'invoke' (ID #5, params={"target":{"type":"Class","value":"com.wix.detox.espresso.DetoxAssertion"},"method":"assertMatcher","args":[{"type":"Invocation","value":{"target":{"type":"Class","value":"androidx.test.espresso.Espresso"},"method":"onView","args":[{"type":"Invocation","value":{"target":{"type":"Class","value":"com.wix.detox.espresso.DetoxMatcher"},"method":"matcherForTestId","args":["output"]}}]}},{"type":"Invocation","value":{"target":{"type":"Class","value":"com.wix.detox.espresso.DetoxMatcher"},"method":"matcherForText","args":["You entered passcode"]}}]})
09-10 04:11:44.189 15441 15488 I DetoxDispatcher: Handling action 'invoke' (ID #5)...
09-10 04:11:44.190 15441 15488 D Detox   : class com.wix.detox.espresso.DetoxMatcher, matcherForTestId, [output]
09-10 04:11:44.190 15441 15488 D Detox   : class androidx.test.espresso.Espresso, onView, [(view.getTag() is "output" and view has effective visibility <VISIBLE>)]
09-10 04:11:44.196 15441 15488 D Detox   : class com.wix.detox.espresso.DetoxMatcher, matcherForText, [You entered passcode]
09-10 04:11:44.201 15441 15488 D Detox   : class com.wix.detox.espresso.DetoxAssertion, assertMatcher, [androidx.test.espresso.ViewInteraction@fa71560, (an instance of android.widget.TextView and view.getText() with or without transformation to match: is "You entered passcode" and view has effective visibility <VISIBLE>)]
09-10 04:11:44.221 15441 15441 I ViewInteraction: Checking 'MatchesViewAssertion(Detox){viewMatcher=(an instance of android.widget.TextView and view.getText() with or without transformation to match: is "You entered passcode" and view has effective visibility <VISIBLE>)}' assertion on view (view.getTag() is "output" and view has effective visibility <VISIBLE>)
09-10 04:11:44.223 15441 15488 I DetoxWSClient: Sending out action 'invokeResult' (ID #5)
09-10 04:11:44.233 15441 15488 I DetoxDispatcher: Done with action 'invoke'
