--------- beginning of main
09-10 04:25:17.013 16398 16398 I ViewInteraction: Performing 'View screenshot' action on view (view.getTag() is "welcome" and view has effective visibility <VISIBLE>)
09-10 04:25:17.149 16398 16407 I zygote  : Background concurrent copying GC freed 21332(1351KB) AllocSpace objects, 0(0B) LOS objects, 49% free, 4MB/9MB, paused 13.307ms total 111.177ms
09-10 04:25:17.275 16398 16449 I DetoxWSClient: Sending out action 'invokeResult' (ID #2)
09-10 04:25:17.282 16398 16449 I DetoxDispatcher: Done with action 'invoke'
09-10 04:25:17.568 16398 16451 D DetoxWSClient: Received action 'reactNativeReload' (ID #-1000, params={})
09-10 04:25:17.574 16398 16449 I DetoxDispatcher: Handling action 'reactNativeReload' (ID #-1000)...
09-10 04:25:17.602 16398 16449 I DetoxRNExt: Reloading React Native
09-10 04:25:17.615 16398 16474 E unknown:ReactContextBaseJavaModule: Unhandled SoftException
09-10 04:25:17.615 16398 16474 E unknown:ReactContextBaseJavaModule: java.lang.RuntimeException: Catalyst Instance has already disappeared: requested by DeviceInfo
09-10 04:25:17.615 16398 16474 E unknown:ReactContextBaseJavaModule: 	at com.facebook.react.bridge.ReactContextBaseJavaModule.getReactApplicationContextIfActiveOrWarn(ReactContextBaseJavaModule.java:66)
09-10 04:25:17.615 16398 16474 E unknown:ReactContextBaseJavaModule: 	at com.facebook.react.modules.deviceinfo.DeviceInfoModule.invalidate(DeviceInfoModule.java:114)
09-10 04:25:17.615 16398 16474 E unknown:ReactContextBaseJavaModule: 	at com.facebook.react.bridge.ModuleHolder.destroy(ModuleHolder.java:110)
09-10 04:25:17.615 16398 16474 E unknown:ReactContextBaseJavaModule: 	at com.facebook.react.bridge.NativeModuleRegistry.notifyJSInstanceDestroy(NativeModuleRegistry.java:108)
09-10 04:25:17.615 16398 16474 E unknown:ReactContextBaseJavaModule: 	at com.facebook.react.bridge.CatalystInstanceImpl$1.run(CatalystInstanceImpl.java:368)
09-10 04:25:17.615 16398 16474 E unknown:ReactContextBaseJavaModule: 	at android.os.Handler.handleCallback(Handler.java:789)
09-10 04:25:17.615 16398 16474 E unknown:ReactContextBaseJavaModule: 	at android.os.Handler.dispatchMessage(Handler.java:98)
09-10 04:25:17.615 16398 16474 E unknown:ReactContextBaseJavaModule: 	at com.facebook.react.bridge.queue.MessageQueueThreadHandler.dispatchMessage(MessageQueueThreadHandler.java:27)
09-10 04:25:17.615 16398 16474 E unknown:ReactContextBaseJavaModule: 	at androidx.test.espresso.base.Interrogator.loopAndInterrogate(Interrogator.java:14)
09-10 04:25:17.615 16398 16474 E unknown:ReactContextBaseJavaModule: 	at androidx.test.espresso.base.LooperIdlingResourceInterrogationHandler$2.run(LooperIdlingResourceInterrogationHandler.java:3)
09-10 04:25:17.615 16398 16474 E unknown:ReactContextBaseJavaModule: 	at android.os.Handler.handleCallback(Handler.java:789)
09-10 04:25:17.615 16398 16474 E unknown:ReactContextBaseJavaModule: 	at android.os.Handler.dispatchMessage(Handler.java:98)
09-10 04:25:17.615 16398 16474 E unknown:ReactContextBaseJavaModule: 	at android.os.Looper.loop(Looper.java:164)
09-10 04:25:17.615 16398 16474 E unknown:ReactContextBaseJavaModule: 	at com.facebook.react.bridge.queue.MessageQueueThreadImpl$4.run(MessageQueueThreadImpl.java:228)
09-10 04:25:17.615 16398 16474 E unknown:ReactContextBaseJavaModule: 	at java.lang.Thread.run(Thread.java:764)
09-10 04:25:17.616 16398 16474 E unknown:ReactContextBaseJavaModule: Unhandled SoftException
09-10 04:25:17.616 16398 16474 E unknown:ReactContextBaseJavaModule: java.lang.RuntimeException: Catalyst Instance has already disappeared: requested by NativeAnimatedModule
09-10 04:25:17.616 16398 16474 E unknown:ReactContextBaseJavaModule: 	at com.facebook.react.bridge.ReactContextBaseJavaModule.getReactApplicationContextIfActiveOrWarn(ReactContextBaseJavaModule.java:66)
09-10 04:25:17.616 16398 16474 E unknown:ReactContextBaseJavaModule: 	at com.facebook.react.animated.NativeAnimatedModule.invalidate(NativeAnimatedModule.java:968)
09-10 04:25:17.616 16398 16474 E unknown:ReactContextBaseJavaModule: 	at com.facebook.react.bridge.ModuleHolder.destroy(ModuleHolder.java:110)
09-10 04:25:17.616 16398 16474 E unknown:ReactContextBaseJavaModule: 	at com.facebook.react.bridge.NativeModuleRegistry.notifyJSInstanceDestroy(NativeModuleRegistry.java:108)
09-10 04:25:17.616 16398 16474 E unknown:ReactContextBaseJavaModule: 	at com.facebook.react.bridge.CatalystInstanceImpl$1.run(CatalystInstanceImpl.java:368)
09-10 04:25:17.616 16398 16474 E unknown:ReactContextBaseJavaModule: 	at android.os.Handler.handleCallback(Handler.java:789)
09-10 04:25:17.616 16398 16474 E unknown:ReactContextBaseJavaModule: 	at android.os.Handler.dispatchMessage(Handler.java:98)
09-10 04:25:17.616 16398 16474 E unknown:ReactContextBaseJavaModule: 	at com.facebook.react.bridge.queue.MessageQueueThreadHandler.dispatchMessage(MessageQueueThreadHandler.java:27)
09-10 04:25:17.616 16398 16474 E unknown:ReactContextBaseJavaModule: 	at androidx.test.espresso.base.Interrogator.loopAndInterrogate(Interrogator.java:14)
09-10 04:25:17.616 16398 16474 E unknown:ReactContextBaseJavaModule: 	at androidx.test.espresso.base.LooperIdlingResourceInterrogationHandler$2.run(LooperIdlingResourceInterrogationHandler.java:3)
09-10 04:25:17.616 16398 16474 E unknown:ReactContextBaseJavaModule: 	at android.os.Handler.handleCallback(Handler.java:789)
09-10 04:25:17.616 16398 16474 E unknown:ReactContextBaseJavaModule: 	at android.os.Handler.dispatchMessage(Handler.java:98)
09-10 04:25:17.616 16398 16474 E unknown:ReactContextBaseJavaModule: 	at android.os.Looper.loop(Looper.java:164)
09-10 04:25:17.616 16398 16474 E unknown:ReactContextBaseJavaModule: 	at com.facebook.react.bridge.queue.MessageQueueThreadImpl$4.run(MessageQueueThreadImpl.java:228)
09-10 04:25:17.616 16398 16474 E unknown:ReactContextBaseJavaModule: 	at java.lang.Thread.run(Thread.java:764)
09-10 04:25:17.622 16398 16474 E unknown:ReactContextBaseJavaModule: Unhandled SoftException
09-10 04:25:17.622 16398 16474 E unknown:ReactContextBaseJavaModule: java.lang.RuntimeException: Catalyst Instance has already disappeared: requested by FrescoModule
09-10 04:25:17.622 16398 16474 E unknown:ReactContextBaseJavaModule: 	at com.facebook.react.bridge.ReactContextBaseJavaModule.getReactApplicationContextIfActiveOrWarn(ReactContextBaseJavaModule.java:66)
09-10 04:25:17.622 16398 16474 E unknown:ReactContextBaseJavaModule: 	at com.facebook.react.modules.fresco.FrescoModule.invalidate(FrescoModule.java:202)
09-10 04:25:17.622 16398 16474 E unknown:ReactContextBaseJavaModule: 	at com.facebook.react.bridge.ModuleHolder.destroy(ModuleHolder.java:110)
09-10 04:25:17.622 16398 16474 E unknown:ReactContextBaseJavaModule: 	at com.facebook.react.bridge.NativeModuleRegistry.notifyJSInstanceDestroy(NativeModuleRegistry.java:108)
09-10 04:25:17.622 16398 16474 E unknown:ReactContextBaseJavaModule: 	at com.facebook.react.bridge.CatalystInstanceImpl$1.run(CatalystInstanceImpl.java:368)
09-10 04:25:17.622 16398 16474 E unknown:ReactContextBaseJavaModule: 	at android.os.Handler.handleCallback(Handler.java:789)
09-10 04:25:17.622 16398 16474 E unknown:ReactContextBaseJavaModule: 	at android.os.Handler.dispatchMessage(Handler.java:98)
09-10 04:25:17.622 16398 16474 E unknown:ReactContextBaseJavaModule: 	at com.facebook.react.bridge.queue.MessageQueueThreadHandler.dispatchMessage(MessageQueueThreadHandler.java:27)
09-10 04:25:17.622 16398 16474 E unknown:ReactContextBaseJavaModule: 	at androidx.test.espresso.base.Interrogator.loopAndInterrogate(Interrogator.java:14)
09-10 04:25:17.622 16398 16474 E unknown:ReactContextBaseJavaModule: 	at androidx.test.espresso.base.LooperIdlingResourceInterrogationHandler$2.run(LooperIdlingResourceInterrogationHandler.java:3)
09-10 04:25:17.622 16398 16474 E unknown:ReactContextBaseJavaModule: 	at android.os.Handler.handleCallback(Handler.java:789)
09-10 04:25:17.622 16398 16474 E unknown:ReactContextBaseJavaModule: 	at android.os.Handler.dispatchMessage(Handler.java:98)
09-10 04:25:17.622 16398 16474 E unknown:ReactContextBaseJavaModule: 	at android.os.Looper.loop(Looper.java:164)
09-10 04:25:17.622 16398 16474 E unknown:ReactContextBaseJavaModule: 	at com.facebook.react.bridge.queue.MessageQueueThreadImpl$4.run(MessageQueueThreadImpl.java:228)
09-10 04:25:17.622 16398 16474 E unknown:ReactContextBaseJavaModule: 	at java.lang.Thread.run(Thread.java:764)
09-10 04:25:17.825 16398 16484 W unknown:ReactContext: initializeMessageQueueThreads() is called.
09-10 04:25:17.900 16398 16488 W unknown:ViewManagerPropertyUpdater: Could not find generated setter for class com.facebook.react.views.drawer.ReactDrawerLayoutManager
09-10 04:25:17.905 16398 16488 W unknown:ViewManagerPropertyUpdater: Could not find generated setter for class com.facebook.react.uimanager.LayoutShadowNode
09-10 04:25:17.910 16398 16488 W unknown:ViewManagerPropertyUpdater: Could not find generated setter for class com.facebook.react.views.scroll.ReactHorizontalScrollViewManager
09-10 04:25:17.915 16398 16488 W unknown:ViewManagerPropertyUpdater: Could not find generated setter for class com.facebook.react.views.scroll.ReactHorizontalScrollContainerViewManager
09-10 04:25:17.923 16398 16488 W unknown:ViewManagerPropertyUpdater: Could not find generated setter for class com.facebook.react.views.progressbar.ReactProgressBarViewManager
09-10 04:25:17.970 16398 16488 W unknown:ViewManagerPropertyUpdater: Could not find generated setter for class com.facebook.react.views.progressbar.ProgressBarShadowNode
09-10 04:25:17.971 16398 16488 W unknown:ViewManagerPropertyUpdater: Could not find generated setter for class com.facebook.react.views.scroll.ReactScrollViewManager
09-10 04:25:17.975 16398 16488 W unknown:ViewManagerPropertyUpdater: Could not find generated setter for class com.facebook.react.views.slider.ReactSliderManager
09-10 04:25:18.039 16398 16488 W unknown:ViewManagerPropertyUpdater: Could not find generated setter for class com.facebook.react.views.slider.ReactSliderManager$ReactSliderShadowNode
09-10 04:25:18.040 16398 16488 W unknown:ViewManagerPropertyUpdater: Could not find generated setter for class com.facebook.react.views.switchview.ReactSwitchManager
09-10 04:25:18.068 16398 16488 W unknown:ViewManagerPropertyUpdater: Could not find generated setter for class com.facebook.react.views.switchview.ReactSwitchManager$ReactSwitchShadowNode
09-10 04:25:18.104 16398 16488 W unknown:ViewManagerPropertyUpdater: Could not find generated setter for class com.facebook.react.views.swiperefresh.SwipeRefreshLayoutManager
09-10 04:25:18.108 16398 16488 W unknown:ViewManagerPropertyUpdater: Could not find generated setter for class com.facebook.react.views.text.frescosupport.FrescoBasedReactTextInlineImageViewManager
09-10 04:25:18.109 16398 16488 W unknown:ViewManagerPropertyUpdater: Could not find generated setter for class com.facebook.react.views.text.frescosupport.FrescoBasedReactTextInlineImageShadowNode
09-10 04:25:18.111 16398 16488 W unknown:ViewManagerPropertyUpdater: Could not find generated setter for class com.facebook.react.views.image.ReactImageManager
09-10 04:25:18.128 16398 16488 W unknown:ViewManagerPropertyUpdater: Could not find generated setter for class com.facebook.react.views.modal.ReactModalHostManager
09-10 04:25:18.131 16398 16488 W unknown:ViewManagerPropertyUpdater: Could not find generated setter for class com.facebook.react.views.modal.ModalHostShadowNode
09-10 04:25:18.132 16398 16488 W unknown:ViewManagerPropertyUpdater: Could not find generated setter for class com.facebook.react.views.text.ReactRawTextManager
09-10 04:25:18.133 16398 16488 W unknown:ViewManagerPropertyUpdater: Could not find generated setter for class com.facebook.react.views.text.ReactRawTextShadowNode
09-10 04:25:18.136 16398 16488 W unknown:ViewManagerPropertyUpdater: Could not find generated setter for class com.facebook.react.views.textinput.ReactTextInputManager
09-10 04:25:18.174 16398 16488 W unknown:ViewManagerPropertyUpdater: Could not find generated setter for class com.facebook.react.views.textinput.ReactTextInputShadowNode
09-10 04:25:18.182 16398 16488 W unknown:ViewManagerPropertyUpdater: Could not find generated setter for class com.facebook.react.views.text.ReactTextViewManager
09-10 04:25:18.204 16398 16488 W unknown:ViewManagerPropertyUpdater: Could not find generated setter for class com.facebook.react.views.text.ReactTextShadowNode
09-10 04:25:18.226 16398 16488 W unknown:ViewManagerPropertyUpdater: Could not find generated setter for class com.facebook.react.views.view.ReactViewManager
09-10 04:25:18.238 16398 16488 W unknown:ViewManagerPropertyUpdater: Could not find generated setter for class com.facebook.react.views.text.ReactVirtualTextViewManager
09-10 04:25:18.240 16398 16488 W unknown:ViewManagerPropertyUpdater: Could not find generated setter for class com.facebook.react.views.text.ReactVirtualTextShadowNode
09-10 04:25:18.241 16398 16488 W unknown:ViewManagerPropertyUpdater: Could not find generated setter for class com.facebook.react.views.unimplementedview.ReactUnimplementedViewManager
09-10 04:25:18.249 16398 16488 W unknown:ReactContext: initializeMessageQueueThreads() is called.
09-10 04:25:18.260 16398 16398 D DetoxRNLoading: Listener-proxy method called: onReactContextInitialized
09-10 04:25:18.261 16398 16398 I DetoxRNLoading: Got new RN-context async'ly through listener
09-10 04:25:18.276 16398 16398 D DetoxRNLoading: Listener-proxy method called: equals
09-10 04:25:18.279 16398 16449 I DetoxRNIdleRes: Setting up Espresso Idling Resources for React Native
09-10 04:25:18.307 16398 16449 D AsyncStorageIR: Checking whether a custom IR for Async-Storage is required... (legacy=false)
09-10 04:25:18.315 16398 16449 D DetoxRNHelpers: Native RN module resolution (class com.reactnativecommunity.asyncstorage.AsyncStorageModule): no such class
09-10 04:25:18.317 16398 16449 D AsyncStorageIR: Checking whether a custom IR for Async-Storage is required... (legacy=true)
09-10 04:25:18.322 16398 16449 D AsyncStorageIR: IR for Async-Storage is required! (legacy=true)
09-10 04:25:18.336 16398 16398 D AsyncStorageIRLegacy: Async-storage is busy!
09-10 04:25:18.352 16398 16449 I DetoxWSClient: Sending out action 'ready' (ID #-1000)
09-10 04:25:18.360 16398 16449 I DetoxDispatcher: Done with action 'reactNativeReload'
09-10 04:25:18.370 16398 16451 D DetoxWSClient: Received action 'invoke' (ID #3, params={"target":{"type":"Class","value":"com.wix.detox.espresso.EspressoDetox"},"method":"perform","args":[{"type":"Invocation","value":{"target":{"type":"Class","value":"androidx.test.espresso.Espresso"},"method":"onView","args":[{"type":"Invocation","value":{"target":{"type":"Class","value":"com.wix.detox.espresso.DetoxMatcher"},"method":"matcherForTestId","args":["textField"]}}]}},{"type":"Invocation","value":{"target":{"type":"Class","value":"androidx.test.espresso.action.ViewActions"},"method":"clearText","args":[]}}]})
09-10 04:25:18.372 16398 16449 I DetoxDispatcher: Handling action 'invoke' (ID #3)...
09-10 04:25:18.373 16398 16449 D Detox   : class com.wix.detox.espresso.DetoxMatcher, matcherForTestId, [textField]
09-10 04:25:18.373 16398 16449 D Detox   : class androidx.test.espresso.Espresso, onView, [(view.getTag() is "textField" and view has effective visibility <VISIBLE>)]
09-10 04:25:18.375 16398 16449 D Detox   : class androidx.test.espresso.action.ViewActions, clearText, []
09-10 04:25:18.375 16398 16449 D Detox   : class com.wix.detox.espresso.EspressoDetox, perform, [androidx.test.espresso.ViewInteraction@a71c236, androidx.test.espresso.action.ReplaceTextAction@7605537]
09-10 04:25:18.601 16398 16487 I ReactNativeJS: Running "awesome
09-10 04:25:19.833 16398 16488 W unknown:ReactNative: Attempt to set local data for view with unknown tag: -1
09-10 04:25:20.068 16398 16398 I ViewInteraction: Performing 'replace text()' action on view (view.getTag() is "textField" and view has effective visibility <VISIBLE>)
09-10 04:25:20.090 16398 16449 I DetoxWSClient: Sending out action 'invokeResult' (ID #3)
09-10 04:25:20.093 16398 16449 I DetoxDispatcher: Done with action 'invoke'
09-10 04:25:20.133 16398 16451 D DetoxWSClient: Received action 'invoke' (ID #4, params={"target":{"type":"Class","value":"com.wix.detox.espresso.EspressoDetox"},"method":"perform","args":[{"type":"Invocation","value":{"target":{"type":"Class","value":"androidx.test.espresso.Espresso"},"method":"onView","args":[{"type":"Invocation","value":{"target":{"type":"Class","value":"com.wix.detox.espresso.DetoxMatcher"},"method":"matcherForTestId","args":["textField"]}}]}},{"type":"Invocation","value":{"target":{"type":"Class","value":"com.wix.detox.espresso.DetoxViewActions"},"method":"typeText","args":["passcode"]}}]})
09-10 04:25:20.139 16398 16449 I DetoxDispatcher: Handling action 'invoke' (ID #4)...
09-10 04:25:20.139 16398 16449 D Detox   : class com.wix.detox.espresso.DetoxMatcher, matcherForTestId, [textField]
09-10 04:25:20.140 16398 16449 D Detox   : class androidx.test.espresso.Espresso, onView, [(view.getTag() is "textField" and view has effective visibility <VISIBLE>)]
09-10 04:25:20.141 16398 16449 D Detox   : class com.wix.detox.espresso.DetoxViewActions, typeText, [passcode]
09-10 04:25:20.178 16398 16449 D Detox   : class com.wix.detox.espresso.EspressoDetox, perform, [androidx.test.espresso.ViewInteraction@25adb04, com.wix.detox.espresso.action.DetoxTypeTextAction@882a8ed]
09-10 04:25:20.239 16398 16398 I ViewInteraction: Performing 'Click to focus & type text (passcode)' action on view (view.getTag() is "textField" and view has effective visibility <VISIBLE>)
09-10 04:25:20.241 16398 16398 I zygote  : Deoptimizing boolean org.hamcrest.core.AllOf.matches(java.lang.Object, org.hamcrest.Description) due to JIT inline cache
09-10 04:25:20.395 16398 16398 I zygote  : Deoptimizing void com.facebook.react.uimanager.UIViewOperationQueue$1.run() due to JIT inline cache
09-10 04:25:20.652 16398 16398 W View    : dispatchProvideAutofillStructure(): not laid out, ignoring
09-10 04:25:20.668 16398 16398 I AssistStructure: Flattened final assist data: 1920 bytes, containing 1 windows, 7 views
09-10 04:25:21.514 16398 16398 D UiControllerImpl: Injecting string: "passcode"
09-10 04:25:21.534 16398 16401 I zygote  : Do full code cache collection, code=124KB, data=86KB
09-10 04:25:21.544 16398 16401 I zygote  : After code cache collection, code=95KB, data=55KB
09-10 04:25:23.126 16398 16398 I Detox   : UIManagerModule is busy
09-10 04:25:23.158 16398 16398 I Detox   : UIManagerModule is busy
09-10 04:25:24.695 16398 16401 I zygote  : Do partial code cache collection, code=121KB, data=75KB
09-10 04:25:24.701 16398 16401 I zygote  : After code cache collection, code=121KB, data=75KB
09-10 04:25:24.702 16398 16401 I zygote  : Increasing code cache capacity to 512KB
09-10 04:25:25.073 16398 16449 I DetoxWSClient: Sending out action 'invokeResult' (ID #4)
09-10 04:25:25.074 16398 16449 I DetoxDispatcher: Done with action 'invoke'
09-10 04:25:25.092 16398 16451 D DetoxWSClient: Received action 'invoke' (ID #5, params={"target":{"type":"Class","value":"com.wix.detox.espresso.DetoxAssertion"},"method":"assertMatcher","args":[{"type":"Invocation","value":{"target":{"type":"Class","value":"androidx.test.espresso.Espresso"},"method":"onView","args":[{"type":"Invocation","value":{"target":{"type":"Class","value":"com.wix.detox.espresso.DetoxMatcher"},"method":"matcherForTestId","args":["output"]}}]}},{"type":"Invocation","value":{"target":{"type":"Class","value":"com.wix.detox.espresso.DetoxMatcher"},"method":"matcherForText","args":["You entered passcode"]}}]})
09-10 04:25:25.094 16398 16449 I DetoxDispatcher: Handling action 'invoke' (ID #5)...
09-10 04:25:25.094 16398 16449 D Detox   : class com.wix.detox.espresso.DetoxMatcher, matcherForTestId, [output]
09-10 04:25:25.095 16398 16449 D Detox   : class androidx.test.espresso.Espresso, onView, [(view.getTag() is "output" and view has effective visibility <VISIBLE>)]
09-10 04:25:25.095 16398 16449 D Detox   : class com.wix.detox.espresso.DetoxMatcher, matcherForText, [You entered passcode]
09-10 04:25:25.098 16398 16449 D Detox   : class com.wix.detox.espresso.DetoxAssertion, assertMatcher, [androidx.test.espresso.ViewInteraction@ae78a19, (an instance of android.widget.TextView and view.getText() with or without transformation to match: is "You entered passcode" and view has effective visibility <VISIBLE>)]
09-10 04:25:25.123 16398 16398 I ViewInteraction: Checking 'MatchesViewAssertion(Detox){viewMatcher=(an instance of android.widget.TextView and view.getText() with or without transformation to match: is "You entered passcode" and view has effective visibility <VISIBLE>)}' assertion on view (view.getTag() is "output" and view has effective visibility <VISIBLE>)
09-10 04:25:25.129 16398 16449 I DetoxWSClient: Sending out action 'invokeResult' (ID #5)
09-10 04:25:25.130 16398 16449 I DetoxDispatcher: Done with action 'invoke'
